[www.bradypatterson.design/index.html]
[backblue.gif]
[fade.gif]
[index.html]
[uploads-ssl.webflow.com/61d4b50a3b130a78a63644fe/css/bradys-portfolio-2022.webflow.352a99942.css]
[uploads-ssl.webflow.com/61d4b50a3b130a78a63644fe/6200513ea34107cf9ec173a6_BP_FAVICON 1.png]
[uploads-ssl.webflow.com/61d4b50a3b130a78a63644fe/62005143e7b948cf0e91db19_BP_FAVICON 2.png]
[cdn.jsdelivr.net/npm/@finsweet/attributes-cmsload@1/cmsload.js]
[uploads-ssl.webflow.com/61d4b50a3b130a78a63644fe/61e4810b4a0c7c2f9edaa223_Group 2 (1).png]
[www.bradypatterson.design/about.html]
[www.bradypatterson.design/work.html]
[www.bradypatterson.design/contact.html]
[uploads-ssl.webflow.com/61d4b50a3b130a78a63644fe/61e9ab49464db8db7d9812d2_Group 1674.png]
[uploads-ssl.webflow.com/61d4b50a3b130a78a63644fe/62004767d449dc3b39734a83_Group 1675.png]
[uploads-ssl.webflow.com/61d4b50a3b130a78a63644fe/6206cd110e936e03300386de_best-innovation-white.png]
[uploads-ssl.webflow.com/61d4b50a3b130a78a63644fe/6206cd17c969967c33380be8_best-ui-white.png]
[uploads-ssl.webflow.com/61d4b50a3b130a78a63644fe/6206cd1947ca8a91aeeb73a0_best-ux-white.png]
[www.bradypatterson.design/project/healing-with-hues.html]
[www.bradypatterson.design/project/medmen.html]
[uploads-ssl.webflow.com/61d4b50a3b130a78a63644fe/61e70a4b9a708841ab6c9ca4_Ellipse 23.png]
[uploads-ssl.webflow.com/61d4b50a3b130a78a63644fe/61e6fcc7c6a0d78faf6d1f59_Frame (1).png]
[uploads-ssl.webflow.com/61d4b50a3b130a78a63644fe/61fd01676f746f632416c9c4_Orange Globe Large (1).png]
[uploads-ssl.webflow.com/61d4b50a3b130a78a63644fe/61fd024665633519b3705bbe_Background Mask (1).png]
[uploads-ssl.webflow.com/61d4b50a3b130a78a63644fe/61fcffccf6278cd5dc058636_Mask Group (10) (1).png]
[uploads-ssl.webflow.com/61d4b50a3b130a78a63644fe/61fd003d6563351ece70431a_HB - Main Item (1).png]
[uploads-ssl.webflow.com/61d4b50a3b130a78a63644fe/61fd01b7381fa0345a169a69_Orange Globe Small (1).png]
[uploads-ssl.webflow.com/61d4b50a3b130a78a63644fe/61fd0ab1835a0813e20f3398_Mask Group (11) (1).png]
[uploads-ssl.webflow.com/61d4b50a3b130a78a63644fe/61fd0afb6563354fbf70be7e_Main Item (1).png]
[uploads-ssl.webflow.com/61d4b50a3b130a78a63644fe/61e83a3935bf11480f9d6c17_Group 1694 (1).png]
[uploads-ssl.webflow.com/61d4b50a3b130a78a63644fe/61e6f0dc9b01de970ab03af3_Group 824.png]
[uploads-ssl.webflow.com/61d4b50a3b130a78a63644fe/61e6f12959d0b0178e281d65_2560px-MedMen_logo copy.png]
[uploads-ssl.webflow.com/61d4b50a3b130a78a63644fe/61e6f1d201088862556cc234_fox-sports-logo 1.png]
[uploads-ssl.webflow.com/61d4b50a3b130a78a63644fe/61e6f1e5f87418f95e4d6237_Group 836.png]
[uploads-ssl.webflow.com/61d4b50a3b130a78a63644fe/61e6f1faa28b5df98c074d2f_0010 copy.png]
[uploads-ssl.webflow.com/61d4b50a3b130a78a63644fe/61e6f209d4f6d1934a7ab229_Hulu_Logo 1.png]
[uploads-ssl.webflow.com/61d4b50a3b130a78a63644fe/61e6e6d845b82672eaaa48fa_paper-plane-solid 1.png]
[d3e54v103j8qbb.cloudfront.net/js/jquery-3.5.1.min.dc5e7f18c82f4e.js]
[cdnjs.cloudflare.com/ajax/libs/animejs/2.0.2/anime.min.js]
[cdnjs.cloudflare.com/ajax/libs/protonet-jquery.inview/1.1.2/jquery.inview.min.js]
[www.bradypatterson.design/index.html]
[cdn.jsdelivr.net/npm/@finsweet/attributes-cmscombine@1/cmscombine.js]
[uploads-ssl.webflow.com/61d4b50a3b130a78a63644fe/61e57cced52b4c5f7554323e_Header Background.png]
[uploads-ssl.webflow.com/61d4b50a3b130a78a63644fe/css/bradys-portfolio-2022.webflow.352a99942.css]
[uploads-ssl.webflow.com/61d4b50a3b130a78a63644fe/js/webflow.1cee09fe9.js]
[uploads-ssl.webflow.com/61d4b50a3b130a78a63644fe/61e609ccc1d1d6218b922992_Ellipse 19.png]
[uploads-ssl.webflow.com/61d4b50a3b130a78a63644fe/61e60fd33b0c94d11e4a8b6c_Ellipse 20.png]
[uploads-ssl.webflow.com/61d4b50a3b130a78a63644fe/61e959bb6c0c730985d404c6_Mask Group (1) (1).png]
[uploads-ssl.webflow.com/61d4b50a3b130a78a63644fe/61e8b99870709f8e9c22eaa5_Group 1695 (1).png]
[uploads-ssl.webflow.com/61d4b50a3b130a78a63644fe/61e8bbd77786b1ebd375528e_Group 1696 (1).png]
[uploads-ssl.webflow.com/61d4b50a3b130a78a63644fe/61e95c7662bd89823704a5de_Group 1696 (2) (1).png]
[uploads-ssl.webflow.com/61d4b50a3b130a78a63644fe/61e95e4709977d4fc9541474_Group 1697 (1).png]
[www.bradypatterson.design/about.html]
[www.bradypatterson.design/work.html]
[www.bradypatterson.design/contact.html]
[unpkg.com/swiper/swiper-bundle.min.44.delayed]
[unpkg.com/swiper@8.2.4/swiper-bundle.min.css]
[uploads-ssl.webflow.com/61e83fede30b794ec92ef829/61f46bd76a5ac5197a3922d8_HWH_ProductImage.jpg]
[uploads-ssl.webflow.com/61e83fede30b794ec92ef829/61feea8e70bb049d50faa51f_Healing With Hues- Brand Deck - Slide 1.jpg]
[uploads-ssl.webflow.com/61e83fede30b794ec92ef829/61feea8e9445cf68c9b702dd_Healing With Hues- Brand Deck - Slide 2.jpg]
[uploads-ssl.webflow.com/61e83fede30b794ec92ef829/61feea8e67fa7312e27c9b49_Healing With Hues- Brand Deck - Slide 3.jpg]
[uploads-ssl.webflow.com/61e83fede30b794ec92ef829/61feea8f17050ec2e31c16f6_Healing With Hues- Brand Deck - Slide 4 1.jpg]
[uploads-ssl.webflow.com/61e83fede30b794ec92ef829/61feea8fdcce3b3a83e28eec_Healing With Hues- Brand Deck - Slide 5 1.jpg]
[uploads-ssl.webflow.com/61e83fede30b794ec92ef829/61feea8f44982078de4117a8_Healing With Hues- Brand Deck - Slide 6.jpg]
[uploads-ssl.webflow.com/61e83fede30b794ec92ef829/61feea8e4498202b9141179f_Healing With Hues- Brand Deck - Slide 13.jpg]
[uploads-ssl.webflow.com/61e83fede30b794ec92ef829/61feea8edc7f9fd0d830668d_Healing With Hues- Brand Deck - Slide 17.jpg]
[uploads-ssl.webflow.com/61e83fede30b794ec92ef829/61feea8e3156d691c31db704_Healing With Hues- Brand Deck - Slide 18.jpg]
[uploads-ssl.webflow.com/61e83fede30b794ec92ef829/61feea8d17050eef0a1c16ed_Healing With Hues- Brand Deck - Slide 16.jpg]
[uploads-ssl.webflow.com/61e83fede30b794ec92ef829/61feea8e1775785bddee1ad0_Healing With Hues- Brand Deck - Slide 19.jpg]
[uploads-ssl.webflow.com/61e83fede30b794ec92ef829/61feea8e12b5375231c6e5df_Healing With Hues- Brand Deck - Slide 20.jpg]
[uploads-ssl.webflow.com/61e83fede30b794ec92ef829/61feea8e5747accf58ec8ff9_Healing With Hues- Brand Deck - Slide 10.jpg]
[uploads-ssl.webflow.com/61e83fede30b794ec92ef829/61feeddd9445cf7585b71c05_Healing With Hues- Brand Deck - Slide 11.jpg]
[uploads-ssl.webflow.com/61e83fede30b794ec92ef829/61feea8c6ef20a6a47880cd8_Healing With Hues- Brand Deck - Slide 12.jpg]
[unpkg.com/swiper/swiper-bundle.min.60.delayed]
[unpkg.com/swiper@8.2.4/swiper-bundle.min.js]
[www.bradypatterson.design/project/healing-with-hues.html]
[weblocks.io/library.js]
[uploads-ssl.webflow.com/61e83fede30b794ec92ef829/61feeac640e9fe721934e6ae_Medmen - Project Image.jpg]
[uploads-ssl.webflow.com/61e83fede30b794ec92ef829/61feeae0177578694cee1ed8_Statemade_01.jpg]
[uploads-ssl.webflow.com/61e83fede30b794ec92ef829/61feeadfce573a68bc8b02da_Statemade_02.jpg]
[uploads-ssl.webflow.com/61e83fede30b794ec92ef829/61feeae09de58b8c802810e2_Statemade_03.jpg]
[uploads-ssl.webflow.com/61e83fede30b794ec92ef829/61feeae070bb04a78cfaa58b_Statemade_04.jpg]
[uploads-ssl.webflow.com/61e83fede30b794ec92ef829/61feeae04945300303888517_Statemade_05.jpg]
[uploads-ssl.webflow.com/61e83fede30b794ec92ef829/61feeadf0b2f95d05da91a04_Statemade_06.jpg]
[uploads-ssl.webflow.com/61e83fede30b794ec92ef829/61feeadecbaf17082daf68c2_Statemade_07.jpg]
[uploads-ssl.webflow.com/61e83fede30b794ec92ef829/61feeade5747acc6ecec94d4_Statemade_08.jpg]
[uploads-ssl.webflow.com/61e83fede30b794ec92ef829/61feeade17050e37161c18c1_Statemade_09.jpg]
[uploads-ssl.webflow.com/61e83fede30b794ec92ef829/61feeade5747ac067bec94d2_Statemade_010.jpg]
[uploads-ssl.webflow.com/61e83fede30b794ec92ef829/61feeade41c1b81cb37f3a58_Statemade_011.jpg]
[uploads-ssl.webflow.com/61e83fede30b794ec92ef829/61feeade6ef20a1a788810ac_Statemade_012.jpg]
[uploads-ssl.webflow.com/61e83fede30b794ec92ef829/61feeadead21bb25be0ca46e_Statemade_013.jpg]
[uploads-ssl.webflow.com/61e83fede30b794ec92ef829/61feeadee65b7d0e0d1e3eab_Statemade_014.jpg]
[uploads-ssl.webflow.com/61e83fede30b794ec92ef829/61feeade0b2f954f3ea91a03_Statemade_015.jpg]
[uploads-ssl.webflow.com/61e83fede30b794ec92ef829/61feeade177578d08aee1e4f_Statemade_016.jpg]
[uploads-ssl.webflow.com/61e83fede30b794ec92ef829/61feeadd386a4c9a26620dc0_Statemade_017.jpg]
[uploads-ssl.webflow.com/61e83fede30b794ec92ef829/61feeaddf13971024f164fb4_Statemade_018.jpg]
[uploads-ssl.webflow.com/61e83fede30b794ec92ef829/61feeaddbd995730758dc84b_Statemade_019.jpg]
[uploads-ssl.webflow.com/61e83fede30b794ec92ef829/61feeadd243c84efd37921ec_Statemade_020.jpg]
[uploads-ssl.webflow.com/61e83fede30b794ec92ef829/61feeadd17050e5c731c18c0_Statemade_021.jpg]
[uploads-ssl.webflow.com/61e83fede30b794ec92ef829/61feeadd3fb6218cbbc88bd9_Statemade_022.jpg]
[uploads-ssl.webflow.com/61e83fede30b794ec92ef829/61feeadd9445cf0437b70350_Statemade_023.jpg]
[uploads-ssl.webflow.com/61e83fede30b794ec92ef829/61feeadd3fb6215c3fc88bda_Statemade_024.jpg]
[uploads-ssl.webflow.com/61e83fede30b794ec92ef829/61feeaddaab51b77acdfc9fe_Statemade_025.jpg]
[uploads-ssl.webflow.com/61e83fede30b794ec92ef829/61feeb11ce573a5c358b0412_Statemade_026.jpg]
[uploads-ssl.webflow.com/61e83fede30b794ec92ef829/61feeb1167fa739c737ca100_Statemade_027.jpg]
[uploads-ssl.webflow.com/61e83fede30b794ec92ef829/61feeb11aab51b6721dfcc9c_Statemade_028.jpg]
[uploads-ssl.webflow.com/61e83fede30b794ec92ef829/61feeb123f36d0585fcb03eb_Statemade_029.jpg]
[uploads-ssl.webflow.com/61e83fede30b794ec92ef829/61feeb12f1397131221650f8_Statemade_031.jpg]
[uploads-ssl.webflow.com/61e83fede30b794ec92ef829/61feeb1112b5376c3dc6e8b5_Statemade_030.jpg]
[www.bradypatterson.design/project/medmen.html]
[unpkg.com/swiper@8.2.4/swiper-bundle.min.css]
[www.bradypatterson.design/product/futurist-customs]
[www.bradypatterson.design/product/hustler-blueprint]
[www.bradypatterson.design/checkout]
[www.bradypatterson.design/_https_/uploads-ssl.webflow.com/61e83fede30b794ec92ef829/620049580ca3da394a417d5a_Project 1 - CMS Card.png_]
[www.bradypatterson.design/livecontrol/livecontrol]
[www.bradypatterson.design/_https_/uploads-ssl.webflow.com/61e83fede30b794ec92ef829/61f46d027e08d52d1ebfd6a9_Project 2 - CMS Card.png_]
[www.bradypatterson.design/_https_/uploads-ssl.webflow.com/61e83fede30b794ec92ef829/61f46f0c05cddbbd91b5fd57_Project 3 - CMS Card.png_]
[www.bradypatterson.design/_https_/uploads-ssl.webflow.com/61e83fede30b794ec92ef829/61f46f207346d6420bebd2f0_Project 4 - CMS Card.html]
[www.bradypatterson.design/project/sage]
[www.bradypatterson.design/_https_/uploads-ssl.webflow.com/61e83fede30b794ec92ef829/61f46f35818426c92c4881f6_Project 5 - CMS Card.png_]
[www.bradypatterson.design/project/range]
[www.bradypatterson.design/_https_/uploads-ssl.webflow.com/61e83fede30b794ec92ef829/61f46f49597fc908aa97aff6_Project 6 - CMS Card.png_]
[www.bradypatterson.design/project/usc-football]
[www.bradypatterson.design/_https_/uploads-ssl.webflow.com/61e83fede30b794ec92ef829/61f46f617f6caad90980ccad_Project 7 - CMS Card.png_]
[www.bradypatterson.design/project/usc-hoops]
[www.bradypatterson.design/_https_/uploads-ssl.webflow.com/61e83fede30b794ec92ef829/61f46f82818426135b488dc5_Project 8 - CMS Card.png_]
[www.bradypatterson.design/project/rapidone.html]
[www.bradypatterson.design/_https_/uploads-ssl.webflow.com/61e83fede30b794ec92ef829/61f46f9b7f6caa84f880d118_Project 9 - CMS Card.png_]
[www.bradypatterson.design/project/bell-barber-co]
[www.bradypatterson.design/_https_/uploads-ssl.webflow.com/61e83fede30b794ec92ef829/61f46fba9fa36b6cd5129568_Project 10 - CMS Card.png_]
[www.bradypatterson.design/project/wild-n-out]
[www.bradypatterson.design/_https_/uploads-ssl.webflow.com/61e83fede30b794ec92ef829/61f46fce9dd10f0256b9b613_Project 11 - CMS Card.png_]
[www.bradypatterson.design/project/vizar]
[www.bradypatterson.design/project/_https_/uploads-ssl.webflow.com/61e83fede30b794ec92ef829/61f46d027e08d52d1ebfd6a9_Project 2 - CMS Card.png_]
[www.bradypatterson.design/project/_https_/uploads-ssl.webflow.com/61e83fede30b794ec92ef829/61f46f0c05cddbbd91b5fd57_Project 3 - CMS Card.png_]
[www.bradypatterson.design/project/_https_/uploads-ssl.webflow.com/61e83fede30b794ec92ef829/61f46f207346d6420bebd2f0_Project 4 - CMS Card.png_]
[www.bradypatterson.design/project/_https_/uploads-ssl.webflow.com/61e83fede30b794ec92ef829/61f46f35818426c92c4881f6_Project 5 - CMS Card.png_]
[www.bradypatterson.design/project/_https_/uploads-ssl.webflow.com/61e83fede30b794ec92ef829/61f46f49597fc908aa97aff6_Project 6 - CMS Card.png_]
[www.bradypatterson.design/project/_https_/uploads-ssl.webflow.com/61e83fede30b794ec92ef829/61f46f617f6caad90980ccad_Project 7 - CMS Card.png_]
[www.bradypatterson.design/project/_https_/uploads-ssl.webflow.com/61e83fede30b794ec92ef829/61f46f82818426135b488dc5_Project 8 - CMS Card.png_]
[www.bradypatterson.design/project/_https_/uploads-ssl.webflow.com/61e83fede30b794ec92ef829/61f46f9b7f6caa84f880d118_Project 9 - CMS Card.html]
[www.bradypatterson.design/project/_https_/uploads-ssl.webflow.com/61e83fede30b794ec92ef829/61f46fba9fa36b6cd5129568_Project 10 - CMS Card.png_]
[www.bradypatterson.design/project/_https_/uploads-ssl.webflow.com/61e83fede30b794ec92ef829/61f46fce9dd10f0256b9b613_Project 11 - CMS Card.png_]
